**************************************************
Report         : matched_points

Reference      : r:/WORK/Vending_Top
Implementation : i:/WORK/Vending_Top
Version        : X-2025.06-SP3
Date           : Fri Jul 17 18:49:56 2026
**************************************************

88 Matched points:

  Ref  DFF        Name(Last) r:/WORK/Vending_Top/cancel_reg_reg
  Impl DFF        Name(Last) i:/WORK/Vending_Top/cancel_reg_reg

  Ref  DFF        Name(Last) r:/WORK/Vending_Top/u_control_unit/state_reg[0]
  Impl DFF        Name(Last) i:/WORK/Vending_Top/u_control_unit/state_reg[0]

  Ref  DFF        Name(Last) r:/WORK/Vending_Top/u_control_unit/state_reg[1]
  Impl DFF        Name(Last) i:/WORK/Vending_Top/u_control_unit/state_reg[1]

  Ref  DFF        Name(Last) r:/WORK/Vending_Top/u_control_unit/state_reg[2]
  Impl DFF        Name(Last) i:/WORK/Vending_Top/u_control_unit/state_reg[2]

  Ref  DFF        Name(Last) r:/WORK/Vending_Top/u_credit_unit/credit_reg[0]
  Impl DFF        Name(Last) i:/WORK/Vending_Top/u_credit_unit/credit_reg[0]

  Ref  DFF        Name(Last) r:/WORK/Vending_Top/u_credit_unit/credit_reg[1]
  Impl DFF        Name(Last) i:/WORK/Vending_Top/u_credit_unit/credit_reg[1]

  Ref  DFF        Name(Last) r:/WORK/Vending_Top/u_credit_unit/credit_reg[2]
  Impl DFF        Name(Last) i:/WORK/Vending_Top/u_credit_unit/credit_reg[2]

  Ref  DFF        Name(Last) r:/WORK/Vending_Top/u_credit_unit/credit_reg[3]
  Impl DFF        Name(Last) i:/WORK/Vending_Top/u_credit_unit/credit_reg[3]

  Ref  DFF        Name(Last) r:/WORK/Vending_Top/u_credit_unit/credit_reg[4]
  Impl DFF        Name(Last) i:/WORK/Vending_Top/u_credit_unit/credit_reg[4]

  Ref  DFF        Name(Last) r:/WORK/Vending_Top/u_credit_unit/credit_reg[5]
  Impl DFF        Name(Last) i:/WORK/Vending_Top/u_credit_unit/credit_reg[5]

  Ref  DFF        Name(Last) r:/WORK/Vending_Top/u_credit_unit/credit_reg[6]
  Impl DFF        Name(Last) i:/WORK/Vending_Top/u_credit_unit/credit_reg[6]

  Ref  DFF        Name(Last) r:/WORK/Vending_Top/u_credit_unit/credit_reg[7]
  Impl DFF        Name(Last) i:/WORK/Vending_Top/u_credit_unit/credit_reg[7]

  Ref  DFF        Name(Last) r:/WORK/Vending_Top/u_mem_unit/memory_array_reg[0][0]
  Impl DFF        Name(Last) i:/WORK/Vending_Top/u_mem_unit/memory_array_reg[0][0]

  Ref  DFF        Name(Last) r:/WORK/Vending_Top/u_mem_unit/memory_array_reg[0][1]
  Impl DFF        Name(Last) i:/WORK/Vending_Top/u_mem_unit/memory_array_reg[0][1]

  Ref  DFF        Name(Last) r:/WORK/Vending_Top/u_mem_unit/memory_array_reg[0][2]
  Impl DFF        Name(Last) i:/WORK/Vending_Top/u_mem_unit/memory_array_reg[0][2]

  Ref  DFF        Name(Last) r:/WORK/Vending_Top/u_mem_unit/memory_array_reg[0][3]
  Impl DFF        Name(Last) i:/WORK/Vending_Top/u_mem_unit/memory_array_reg[0][3]

  Ref  DFF        Name(Last) r:/WORK/Vending_Top/u_mem_unit/memory_array_reg[0][4]
  Impl DFF        Name(Last) i:/WORK/Vending_Top/u_mem_unit/memory_array_reg[0][4]

  Ref  DFF        Name(Last) r:/WORK/Vending_Top/u_mem_unit/memory_array_reg[0][5]
  Impl DFF        Name(Last) i:/WORK/Vending_Top/u_mem_unit/memory_array_reg[0][5]

  Ref  DFF        Name(Last) r:/WORK/Vending_Top/u_mem_unit/memory_array_reg[0][6]
  Impl DFF        Name(Last) i:/WORK/Vending_Top/u_mem_unit/memory_array_reg[0][6]

  Ref  DFF        Name(Last) r:/WORK/Vending_Top/u_mem_unit/memory_array_reg[0][7]
  Impl DFF        Name(Last) i:/WORK/Vending_Top/u_mem_unit/memory_array_reg[0][7]

  Ref  DFF        Name(Last) r:/WORK/Vending_Top/u_mem_unit/memory_array_reg[1][0]
  Impl DFF        Name(Last) i:/WORK/Vending_Top/u_mem_unit/memory_array_reg[1][0]

  Ref  DFF        Name(Last) r:/WORK/Vending_Top/u_mem_unit/memory_array_reg[1][1]
  Impl DFF        Name(Last) i:/WORK/Vending_Top/u_mem_unit/memory_array_reg[1][1]

  Ref  DFF        Name(Last) r:/WORK/Vending_Top/u_mem_unit/memory_array_reg[1][2]
  Impl DFF        Name(Last) i:/WORK/Vending_Top/u_mem_unit/memory_array_reg[1][2]

  Ref  DFF        Name(Last) r:/WORK/Vending_Top/u_mem_unit/memory_array_reg[1][3]
  Impl DFF        Name(Last) i:/WORK/Vending_Top/u_mem_unit/memory_array_reg[1][3]

  Ref  DFF        Name(Last) r:/WORK/Vending_Top/u_mem_unit/memory_array_reg[1][4]
  Impl DFF        Name(Last) i:/WORK/Vending_Top/u_mem_unit/memory_array_reg[1][4]

  Ref  DFF        Name(Last) r:/WORK/Vending_Top/u_mem_unit/memory_array_reg[1][5]
  Impl DFF        Name(Last) i:/WORK/Vending_Top/u_mem_unit/memory_array_reg[1][5]

  Ref  DFF        Name(Last) r:/WORK/Vending_Top/u_mem_unit/memory_array_reg[1][6]
  Impl DFF        Name(Last) i:/WORK/Vending_Top/u_mem_unit/memory_array_reg[1][6]

  Ref  DFF        Name(Last) r:/WORK/Vending_Top/u_mem_unit/memory_array_reg[1][7]
  Impl DFF        Name(Last) i:/WORK/Vending_Top/u_mem_unit/memory_array_reg[1][7]

  Ref  DFF        Name(Last) r:/WORK/Vending_Top/u_mem_unit/memory_array_reg[2][0]
  Impl DFF        Name(Last) i:/WORK/Vending_Top/u_mem_unit/memory_array_reg[2][0]

  Ref  DFF        Name(Last) r:/WORK/Vending_Top/u_mem_unit/memory_array_reg[2][1]
  Impl DFF        Name(Last) i:/WORK/Vending_Top/u_mem_unit/memory_array_reg[2][1]

  Ref  DFF        Name(Last) r:/WORK/Vending_Top/u_mem_unit/memory_array_reg[2][2]
  Impl DFF        Name(Last) i:/WORK/Vending_Top/u_mem_unit/memory_array_reg[2][2]

  Ref  DFF        Name(Last) r:/WORK/Vending_Top/u_mem_unit/memory_array_reg[2][3]
  Impl DFF        Name(Last) i:/WORK/Vending_Top/u_mem_unit/memory_array_reg[2][3]

  Ref  DFF        Name(Last) r:/WORK/Vending_Top/u_mem_unit/memory_array_reg[2][4]
  Impl DFF        Name(Last) i:/WORK/Vending_Top/u_mem_unit/memory_array_reg[2][4]

  Ref  DFF        Name(Last) r:/WORK/Vending_Top/u_mem_unit/memory_array_reg[2][5]
  Impl DFF        Name(Last) i:/WORK/Vending_Top/u_mem_unit/memory_array_reg[2][5]

  Ref  DFF        Name(Last) r:/WORK/Vending_Top/u_mem_unit/memory_array_reg[2][6]
  Impl DFF        Name(Last) i:/WORK/Vending_Top/u_mem_unit/memory_array_reg[2][6]

  Ref  DFF        Name(Last) r:/WORK/Vending_Top/u_mem_unit/memory_array_reg[2][7]
  Impl DFF        Name(Last) i:/WORK/Vending_Top/u_mem_unit/memory_array_reg[2][7]

  Ref  DFF        Name(Last) r:/WORK/Vending_Top/u_mem_unit/memory_array_reg[3][0]
  Impl DFF        Name(Last) i:/WORK/Vending_Top/u_mem_unit/memory_array_reg[3][0]

  Ref  DFF        Name(Last) r:/WORK/Vending_Top/u_mem_unit/memory_array_reg[3][1]
  Impl DFF        Name(Last) i:/WORK/Vending_Top/u_mem_unit/memory_array_reg[3][1]

  Ref  DFF        Name(Last) r:/WORK/Vending_Top/u_mem_unit/memory_array_reg[3][2]
  Impl DFF        Name(Last) i:/WORK/Vending_Top/u_mem_unit/memory_array_reg[3][2]

  Ref  DFF        Name(Last) r:/WORK/Vending_Top/u_mem_unit/memory_array_reg[3][3]
  Impl DFF        Name(Last) i:/WORK/Vending_Top/u_mem_unit/memory_array_reg[3][3]

  Ref  DFF        Name(Last) r:/WORK/Vending_Top/u_mem_unit/memory_array_reg[3][4]
  Impl DFF        Name(Last) i:/WORK/Vending_Top/u_mem_unit/memory_array_reg[3][4]

  Ref  DFF        Name(Last) r:/WORK/Vending_Top/u_mem_unit/memory_array_reg[3][5]
  Impl DFF        Name(Last) i:/WORK/Vending_Top/u_mem_unit/memory_array_reg[3][5]

  Ref  DFF        Name(Last) r:/WORK/Vending_Top/u_mem_unit/memory_array_reg[3][6]
  Impl DFF        Name(Last) i:/WORK/Vending_Top/u_mem_unit/memory_array_reg[3][6]

  Ref  DFF        Name(Last) r:/WORK/Vending_Top/u_mem_unit/memory_array_reg[3][7]
  Impl DFF        Name(Last) i:/WORK/Vending_Top/u_mem_unit/memory_array_reg[3][7]

  Ref  DFF        Name(Last) r:/WORK/Vending_Top/u_mem_unit/price_reg[0]
  Impl DFF        Name(Last) i:/WORK/Vending_Top/u_mem_unit/price_reg[0]

  Ref  DFF        Name(Last) r:/WORK/Vending_Top/u_mem_unit/price_reg[1]
  Impl DFF        Name(Last) i:/WORK/Vending_Top/u_mem_unit/price_reg[1]

  Ref  DFF        Name(Last) r:/WORK/Vending_Top/u_mem_unit/price_reg[2]
  Impl DFF        Name(Last) i:/WORK/Vending_Top/u_mem_unit/price_reg[2]

  Ref  DFF        Name(Last) r:/WORK/Vending_Top/u_mem_unit/price_reg[3]
  Impl DFF        Name(Last) i:/WORK/Vending_Top/u_mem_unit/price_reg[3]

  Ref  DFF        Name(Last) r:/WORK/Vending_Top/u_mem_unit/price_reg[4]
  Impl DFF        Name(Last) i:/WORK/Vending_Top/u_mem_unit/price_reg[4]

  Ref  DFF        Name(Last) r:/WORK/Vending_Top/u_mem_unit/price_reg[5]
  Impl DFF        Name(Last) i:/WORK/Vending_Top/u_mem_unit/price_reg[5]

  Ref  DFF        Name(Last) r:/WORK/Vending_Top/u_mem_unit/price_reg[6]
  Impl DFF        Name(Last) i:/WORK/Vending_Top/u_mem_unit/price_reg[6]

  Ref  DFF        Name(Last) r:/WORK/Vending_Top/u_mem_unit/stock_reg[0]
  Impl DFF        Name(Last) i:/WORK/Vending_Top/u_mem_unit/stock_reg[0]

  Ref  DFF        Name(Last) r:/WORK/Vending_Top/u_mem_unit/stock_reg[1]
  Impl DFF        Name(Last) i:/WORK/Vending_Top/u_mem_unit/stock_reg[1]

  Ref  DFF        Name(Last) r:/WORK/Vending_Top/u_mem_unit/stock_reg[2]
  Impl DFF        Name(Last) i:/WORK/Vending_Top/u_mem_unit/stock_reg[2]

  Ref  DFF        Name(Last) r:/WORK/Vending_Top/u_mem_unit/stock_reg[3]
  Impl DFF        Name(Last) i:/WORK/Vending_Top/u_mem_unit/stock_reg[3]

  Ref  DFF        Name(Last) r:/WORK/Vending_Top/u_mem_unit/stock_reg[4]
  Impl DFF        Name(Last) i:/WORK/Vending_Top/u_mem_unit/stock_reg[4]

  Ref  DFF        Name(Last) r:/WORK/Vending_Top/u_mem_unit/stock_reg[5]
  Impl DFF        Name(Last) i:/WORK/Vending_Top/u_mem_unit/stock_reg[5]

  Ref  DFF        Name(Last) r:/WORK/Vending_Top/u_mem_unit/stock_reg[6]
  Impl DFF        Name(Last) i:/WORK/Vending_Top/u_mem_unit/stock_reg[6]

  Ref  DFF        Name(Last) r:/WORK/Vending_Top/u_mem_unit/stock_reg[7]
  Impl DFF        Name(Last) i:/WORK/Vending_Top/u_mem_unit/stock_reg[7]

  Ref  Port       Name(Last) r:/WORK/Vending_Top/cancel
  Impl Port       Name(Last) i:/WORK/Vending_Top/cancel

  Ref  Port       Name(Last) r:/WORK/Vending_Top/change_out[0]
  Impl Port       Name(Last) i:/WORK/Vending_Top/change_out[0]

  Ref  Port       Name(Last) r:/WORK/Vending_Top/change_out[1]
  Impl Port       Name(Last) i:/WORK/Vending_Top/change_out[1]

  Ref  Port       Name(Last) r:/WORK/Vending_Top/change_out[2]
  Impl Port       Name(Last) i:/WORK/Vending_Top/change_out[2]

  Ref  Port       Name(Last) r:/WORK/Vending_Top/change_out[3]
  Impl Port       Name(Last) i:/WORK/Vending_Top/change_out[3]

  Ref  Port       Name(Last) r:/WORK/Vending_Top/change_out[4]
  Impl Port       Name(Last) i:/WORK/Vending_Top/change_out[4]

  Ref  Port       Name(Last) r:/WORK/Vending_Top/change_out[5]
  Impl Port       Name(Last) i:/WORK/Vending_Top/change_out[5]

  Ref  Port       Name(Last) r:/WORK/Vending_Top/change_out[6]
  Impl Port       Name(Last) i:/WORK/Vending_Top/change_out[6]

  Ref  Port       Name(Last) r:/WORK/Vending_Top/change_out[7]
  Impl Port       Name(Last) i:/WORK/Vending_Top/change_out[7]

  Ref  Port       Name(Last) r:/WORK/Vending_Top/clk
  Impl Port       Name(Last) i:/WORK/Vending_Top/clk

  Ref  Port       Name(Last) r:/WORK/Vending_Top/coin_in[0]
  Impl Port       Name(Last) i:/WORK/Vending_Top/coin_in[0]

  Ref  Port       Name(Last) r:/WORK/Vending_Top/coin_in[1]
  Impl Port       Name(Last) i:/WORK/Vending_Top/coin_in[1]

  Ref  Port       Name(Last) r:/WORK/Vending_Top/confirm
  Impl Port       Name(Last) i:/WORK/Vending_Top/confirm

  Ref  Port       Name(Last) r:/WORK/Vending_Top/dispense
  Impl Port       Name(Last) i:/WORK/Vending_Top/dispense

  Ref  Port       Name(Last) r:/WORK/Vending_Top/display[0]
  Impl Port       Name(Last) i:/WORK/Vending_Top/display[0]

  Ref  Port       Name(Last) r:/WORK/Vending_Top/display[1]
  Impl Port       Name(Last) i:/WORK/Vending_Top/display[1]

  Ref  Port       Name(Last) r:/WORK/Vending_Top/display[2]
  Impl Port       Name(Last) i:/WORK/Vending_Top/display[2]

  Ref  Port       Name(Last) r:/WORK/Vending_Top/display[3]
  Impl Port       Name(Last) i:/WORK/Vending_Top/display[3]

  Ref  Port       Name(Last) r:/WORK/Vending_Top/display[4]
  Impl Port       Name(Last) i:/WORK/Vending_Top/display[4]

  Ref  Port       Name(Last) r:/WORK/Vending_Top/display[5]
  Impl Port       Name(Last) i:/WORK/Vending_Top/display[5]

  Ref  Port       Name(Last) r:/WORK/Vending_Top/display[6]
  Impl Port       Name(Last) i:/WORK/Vending_Top/display[6]

  Ref  Port       Name(Last) r:/WORK/Vending_Top/display[7]
  Impl Port       Name(Last) i:/WORK/Vending_Top/display[7]

  Ref  Port       Name(Last) r:/WORK/Vending_Top/error
  Impl Port       Name(Last) i:/WORK/Vending_Top/error

  Ref  Port       Name(Last) r:/WORK/Vending_Top/rst
  Impl Port       Name(Last) i:/WORK/Vending_Top/rst

  Ref  Port       Name(Last) r:/WORK/Vending_Top/sel_item[0]
  Impl Port       Name(Last) i:/WORK/Vending_Top/sel_item[0]

  Ref  Port       Name(Last) r:/WORK/Vending_Top/sel_item[1]
  Impl Port       Name(Last) i:/WORK/Vending_Top/sel_item[1]

  Ref  Port       Name(Last) r:/WORK/Vending_Top/state_out[0]
  Impl Port       Name(Last) i:/WORK/Vending_Top/state_out[0]

  Ref  Port       Name(Last) r:/WORK/Vending_Top/state_out[1]
  Impl Port       Name(Last) i:/WORK/Vending_Top/state_out[1]

  Ref  Port       Name(Last) r:/WORK/Vending_Top/state_out[2]
  Impl Port       Name(Last) i:/WORK/Vending_Top/state_out[2]

 [BBNet: multiply-driven net
  BBox:  black-box
  BBPin: black-box pin
  Block: hierarchical block
  BlPin: hierarchical block pin
  Cut:   cut-point
  DFF:   non-constant DFF register
  DFF0:  constant 0 DFF register
  DFF1:  constant 1 DFF register
  DFFX:  constant X DFF register
  DFF0X: constrained 0X DFF register
  DFF1X: constrained 1X DFF register
  LAT:   non-constant latch register
  LAT0:  constant 0 latch register
  LAT1:  constant 1 latch register
  LATX:  constant X latch register
  LAT0X: constrained 0X latch register
  LAT1X: constrained 1X latch register
  LATCG: clock-gating latch register
  TLA:   transparent latch register
  TLA0X: transparent constrained 0X latch register
  TLA1X: transparent constrained 1X latch register
  Loop:  cycle break point
  Net:   matchable net
  Port:  primary (top-level) port
  Und:   undriven signal cut-point
  Unk:   unknown signal cut-point

  Func:  matched by function
  Name:  matched by name
  Topo:  matched by topology
  User:  matched by user

  Last:  matched during most recent matching]

1
