 
****************************************
Report : area
Design : Vending_Top
Version: X-2025.06-SP2
Date   : Fri Jul 31 15:57:16 2026
****************************************

Information: Updating design information... (UID-85)
Library(s) Used:

    saed32rvt_tt1p05v25c (File: /home/valmir.silva/Vending_Machine_Controller/lib/saed32rvt_tt1p05v25c.db)

Number of ports:                           29
Number of nets:                           513
Number of cells:                          465
Number of combinational cells:            406
Number of sequential cells:                59
Number of macros/black boxes:               0
Number of buf/inv:                         64
Number of references:                      32

Combinational area:                917.205709
Buf/Inv area:                       83.105088
Noncombinational area:             391.890060
Macro/Black Box area:                0.000000
Net Interconnect area:             225.294723

Total cell area:                  1309.095769
Total area:                       1534.390492

Hierarchical area distribution
------------------------------

                                  Global cell area          Local cell area
                                  ------------------  --------------------------- 
Hierarchical cell                 Absolute   Percent  Combi-    Noncombi-  Black-
                                  Total      Total    national  national   boxes   Design
--------------------------------  ---------  -------  --------  ---------  ------  ---------
Vending_Top                       1309.0958    100.0  917.2057   391.8901  0.0000  Vending_Top
--------------------------------  ---------  -------  --------  ---------  ------  ---------
Total                                                 917.2057   391.8901  0.0000

1
