 
****************************************
Report : area
Design : Vending_Top
Version: X-2025.06-SP2
Date   : Fri Jul 31 15:57:39 2026
****************************************

Information: Updating design information... (UID-85)
Library(s) Used:

    saed32rvt_tt1p05v25c (File: /home/valmir.silva/Vending_Machine_Controller/lib/saed32rvt_tt1p05v25c.db)

Number of ports:                           29
Number of nets:                           515
Number of cells:                          462
Number of combinational cells:            403
Number of sequential cells:                59
Number of macros/black boxes:               0
Number of buf/inv:                         71
Number of references:                      33

Combinational area:                910.597964
Buf/Inv area:                       94.287425
Noncombinational area:             391.890060
Macro/Black Box area:                0.000000
Net Interconnect area:             221.635159

Total cell area:                  1302.488025
Total area:                       1524.123184

Hierarchical area distribution
------------------------------

                                  Global cell area          Local cell area
                                  ------------------  --------------------------- 
Hierarchical cell                 Absolute   Percent  Combi-    Noncombi-  Black-
                                  Total      Total    national  national   boxes   Design
--------------------------------  ---------  -------  --------  ---------  ------  ---------
Vending_Top                       1302.4880    100.0  910.5980   391.8901  0.0000  Vending_Top
--------------------------------  ---------  -------  --------  ---------  ------  ---------
Total                                                 910.5980   391.8901  0.0000

1
