Warning: There are infeasible paths detected in your design that were ignored during optimization. Please run 'report_timing -attributes' and/or 'create_qor_snapshot/query_qor_snapshot -infeasible_paths' to identify these paths.  (OPT-1721)
 
****************************************
Report : constraint
        -all_violators
Design : Vending_Top
Version: X-2025.06-SP2
Date   : Fri Jul 31 15:57:39 2026
****************************************


   max_delay/setup ('sys_clk' group)

                             Required        Actual
   Endpoint                 Path Delay     Path Delay        Slack
   -----------------------------------------------------------------
   u_credit_unit/credit_reg[5]/D
                                0.48           3.45 f        -2.97  (VIOLATED)
   u_credit_unit/credit_reg[7]/D
                                0.47           3.42 r        -2.95  (VIOLATED)
   u_credit_unit/credit_reg[6]/D
                                0.47           3.41 r        -2.94  (VIOLATED)
   change_out[7]               -2.50           0.44 r        -2.94  (VIOLATED)
   change_out[4]               -2.50           0.43 r        -2.93  (VIOLATED)
   change_out[3]               -2.50           0.43 f        -2.93  (VIOLATED)
   change_out[0]               -2.50           0.43 f        -2.93  (VIOLATED)
   change_out[6]               -2.50           0.43 f        -2.93  (VIOLATED)
   change_out[2]               -2.50           0.43 r        -2.93  (VIOLATED)
   u_credit_unit/credit_reg[3]/D
                                0.47           3.40 r        -2.93  (VIOLATED)
   u_credit_unit/credit_reg[4]/D
                                0.47           3.40 r        -2.93  (VIOLATED)
   change_out[5]               -2.50           0.43 r        -2.93  (VIOLATED)
   u_mem_unit/memory_array_reg[3][1]/D
                                0.47           3.38 r        -2.91  (VIOLATED)
   u_mem_unit/stock_reg[7]/D
                                0.47           3.37 r        -2.91  (VIOLATED)
   u_mem_unit/memory_array_reg[3][7]/D
                                0.47           3.37 r        -2.90  (VIOLATED)
   u_mem_unit/memory_array_reg[3][2]/D
                                0.47           3.37 r        -2.90  (VIOLATED)
   u_mem_unit/memory_array_reg[3][0]/D
                                0.47           3.37 r        -2.90  (VIOLATED)
   u_mem_unit/memory_array_reg[3][3]/D
                                0.47           3.37 r        -2.90  (VIOLATED)
   u_mem_unit/memory_array_reg[3][4]/D
                                0.47           3.37 r        -2.90  (VIOLATED)
   u_mem_unit/memory_array_reg[3][5]/D
                                0.47           3.37 r        -2.90  (VIOLATED)
   u_mem_unit/stock_reg[2]/D
                                0.47           3.37 r        -2.90  (VIOLATED)
   u_mem_unit/memory_array_reg[0][7]/D
                                0.47           3.36 r        -2.90  (VIOLATED)
   u_mem_unit/memory_array_reg[0][1]/D
                                0.47           3.36 r        -2.90  (VIOLATED)
   u_mem_unit/memory_array_reg[0][3]/D
                                0.47           3.36 r        -2.90  (VIOLATED)
   u_mem_unit/memory_array_reg[0][4]/D
                                0.47           3.36 r        -2.90  (VIOLATED)
   u_mem_unit/memory_array_reg[0][5]/D
                                0.47           3.36 r        -2.90  (VIOLATED)
   u_mem_unit/stock_reg[6]/D
                                0.47           3.36 r        -2.89  (VIOLATED)
   u_mem_unit/price_reg[1]/D
                                0.47           3.36 r        -2.89  (VIOLATED)
   u_mem_unit/stock_reg[0]/D
                                0.47           3.36 r        -2.89  (VIOLATED)
   u_mem_unit/stock_reg[1]/D
                                0.47           3.36 r        -2.89  (VIOLATED)
   u_mem_unit/stock_reg[3]/D
                                0.47           3.36 r        -2.89  (VIOLATED)
   u_mem_unit/stock_reg[4]/D
                                0.47           3.36 r        -2.89  (VIOLATED)
   u_mem_unit/stock_reg[5]/D
                                0.47           3.36 r        -2.89  (VIOLATED)
   u_mem_unit/memory_array_reg[0][6]/D
                                0.47           3.36 f        -2.89  (VIOLATED)
   u_mem_unit/price_reg[2]/D
                                0.47           3.35 r        -2.89  (VIOLATED)
   u_credit_unit/credit_reg[2]/D
                                0.47           3.35 r        -2.88  (VIOLATED)
   u_mem_unit/price_reg[0]/D
                                0.47           3.35 r        -2.88  (VIOLATED)
   u_mem_unit/price_reg[3]/D
                                0.47           3.35 r        -2.88  (VIOLATED)
   u_mem_unit/price_reg[6]/D
                                0.47           3.35 r        -2.88  (VIOLATED)
   change_out[1]               -2.50           0.37 r        -2.87  (VIOLATED)
   u_mem_unit/memory_array_reg[2][1]/D
                                0.47           3.34 r        -2.87  (VIOLATED)
   u_mem_unit/memory_array_reg[0][0]/D
                                0.47           3.33 r        -2.87  (VIOLATED)
   u_mem_unit/memory_array_reg[0][2]/D
                                0.47           3.33 r        -2.87  (VIOLATED)
   u_credit_unit/credit_reg[1]/D
                                0.47           3.33 r        -2.86  (VIOLATED)
   u_mem_unit/memory_array_reg[1][1]/D
                                0.47           3.33 r        -2.86  (VIOLATED)
   u_mem_unit/memory_array_reg[1][3]/D
                                0.47           3.33 r        -2.86  (VIOLATED)
   u_mem_unit/memory_array_reg[1][4]/D
                                0.47           3.33 r        -2.86  (VIOLATED)
   u_mem_unit/memory_array_reg[1][5]/D
                                0.47           3.33 r        -2.86  (VIOLATED)
   u_mem_unit/memory_array_reg[1][6]/D
                                0.47           3.33 r        -2.86  (VIOLATED)
   u_mem_unit/memory_array_reg[1][7]/D
                                0.47           3.33 r        -2.86  (VIOLATED)
   u_mem_unit/memory_array_reg[3][6]/D
                                0.47           3.33 r        -2.86  (VIOLATED)
   u_mem_unit/memory_array_reg[2][7]/D
                                0.47           3.32 r        -2.85  (VIOLATED)
   u_mem_unit/memory_array_reg[2][2]/D
                                0.47           3.32 r        -2.85  (VIOLATED)
   u_mem_unit/memory_array_reg[2][3]/D
                                0.47           3.32 r        -2.85  (VIOLATED)
   u_mem_unit/memory_array_reg[2][4]/D
                                0.47           3.32 r        -2.85  (VIOLATED)
   u_mem_unit/memory_array_reg[2][5]/D
                                0.47           3.32 r        -2.85  (VIOLATED)
   u_mem_unit/memory_array_reg[2][6]/D
                                0.47           3.32 r        -2.85  (VIOLATED)
   u_mem_unit/price_reg[4]/D
                                0.47           3.32 r        -2.85  (VIOLATED)
   u_mem_unit/price_reg[5]/D
                                0.47           3.32 r        -2.85  (VIOLATED)
   u_mem_unit/memory_array_reg[1][0]/D
                                0.47           3.30 r        -2.84  (VIOLATED)
   u_mem_unit/memory_array_reg[1][2]/D
                                0.47           3.30 r        -2.84  (VIOLATED)
   u_mem_unit/memory_array_reg[2][0]/D
                                0.47           3.29 r        -2.82  (VIOLATED)
   u_credit_unit/credit_reg[0]/D
                                0.48           3.29 f        -2.81  (VIOLATED)
   u_control_unit/state_reg[1]/D
                                0.47           3.28 r        -2.81  (VIOLATED)
   u_control_unit/state_reg[0]/D
                                0.47           3.27 r        -2.79  (VIOLATED)
   dispense                    -2.50           0.20 f        -2.70  (VIOLATED)
   error                       -2.50           0.17 r        -2.67  (VIOLATED)
   cancel_reg_reg/D             0.47           3.11 f        -2.64  (VIOLATED)
   u_control_unit/state_reg[2]/D
                                0.47           3.09 f        -2.62  (VIOLATED)
   display[5]                  -2.50           0.10 f        -2.60  (VIOLATED)
   display[3]                  -2.50           0.10 f        -2.60  (VIOLATED)
   state_out[1]                -2.50           0.10 f        -2.60  (VIOLATED)
   state_out[2]                -2.50           0.09 f        -2.59  (VIOLATED)
   display[6]                  -2.50           0.09 f        -2.59  (VIOLATED)
   display[0]                  -2.50           0.09 f        -2.59  (VIOLATED)
   display[1]                  -2.50           0.09 f        -2.59  (VIOLATED)
   display[4]                  -2.50           0.09 f        -2.59  (VIOLATED)
   display[7]                  -2.50           0.09 f        -2.59  (VIOLATED)
   display[2]                  -2.50           0.08 f        -2.58  (VIOLATED)
   state_out[0]                -2.50           0.08 f        -2.58  (VIOLATED)


   min_delay/hold ('sys_clk' group)

                             Required        Actual
   Endpoint                 Path Delay     Path Delay        Slack
   -----------------------------------------------------------------
   u_mem_unit/memory_array_reg[3][0]/D
                                0.49           0.12 f        -0.37  (VIOLATED)
   u_mem_unit/memory_array_reg[0][1]/D
                                0.49           0.13 f        -0.37  (VIOLATED)
   u_mem_unit/memory_array_reg[0][3]/D
                                0.49           0.13 f        -0.37  (VIOLATED)
   u_mem_unit/memory_array_reg[0][4]/D
                                0.49           0.13 f        -0.37  (VIOLATED)
   u_mem_unit/memory_array_reg[0][5]/D
                                0.49           0.13 f        -0.37  (VIOLATED)
   u_mem_unit/memory_array_reg[0][7]/D
                                0.49           0.13 f        -0.37  (VIOLATED)
   u_mem_unit/memory_array_reg[3][2]/D
                                0.49           0.13 f        -0.37  (VIOLATED)
   u_mem_unit/memory_array_reg[3][3]/D
                                0.49           0.13 f        -0.37  (VIOLATED)
   u_mem_unit/memory_array_reg[3][4]/D
                                0.49           0.13 f        -0.37  (VIOLATED)
   u_mem_unit/memory_array_reg[3][5]/D
                                0.49           0.13 f        -0.37  (VIOLATED)
   u_mem_unit/memory_array_reg[3][7]/D
                                0.49           0.13 f        -0.37  (VIOLATED)
   u_mem_unit/stock_reg[6]/D
                                0.49           0.13 f        -0.36  (VIOLATED)
   u_mem_unit/memory_array_reg[2][7]/D
                                0.49           0.13 f        -0.36  (VIOLATED)
   u_mem_unit/memory_array_reg[2][2]/D
                                0.49           0.13 f        -0.36  (VIOLATED)
   u_mem_unit/memory_array_reg[2][3]/D
                                0.49           0.13 f        -0.36  (VIOLATED)
   u_mem_unit/memory_array_reg[2][4]/D
                                0.49           0.13 f        -0.36  (VIOLATED)
   u_mem_unit/memory_array_reg[2][5]/D
                                0.49           0.13 f        -0.36  (VIOLATED)
   u_mem_unit/stock_reg[0]/D
                                0.49           0.14 f        -0.36  (VIOLATED)
   u_mem_unit/stock_reg[1]/D
                                0.49           0.14 f        -0.36  (VIOLATED)
   u_mem_unit/stock_reg[3]/D
                                0.49           0.14 f        -0.36  (VIOLATED)
   u_mem_unit/stock_reg[4]/D
                                0.49           0.14 f        -0.36  (VIOLATED)
   u_mem_unit/stock_reg[5]/D
                                0.49           0.14 f        -0.36  (VIOLATED)
   u_mem_unit/stock_reg[7]/D
                                0.49           0.14 f        -0.35  (VIOLATED)
   u_mem_unit/stock_reg[2]/D
                                0.49           0.14 f        -0.35  (VIOLATED)
   u_mem_unit/memory_array_reg[3][6]/D
                                0.49           0.14 f        -0.35  (VIOLATED)
   u_mem_unit/memory_array_reg[0][0]/D
                                0.49           0.14 f        -0.35  (VIOLATED)
   u_mem_unit/memory_array_reg[0][2]/D
                                0.49           0.14 f        -0.35  (VIOLATED)
   u_mem_unit/price_reg[5]/D
                                0.49           0.15 f        -0.35  (VIOLATED)
   u_mem_unit/price_reg[4]/D
                                0.49           0.15 f        -0.35  (VIOLATED)
   u_mem_unit/memory_array_reg[1][0]/D
                                0.49           0.15 f        -0.34  (VIOLATED)
   u_mem_unit/memory_array_reg[1][2]/D
                                0.49           0.15 f        -0.34  (VIOLATED)
   u_mem_unit/memory_array_reg[2][0]/D
                                0.49           0.15 f        -0.34  (VIOLATED)
   u_mem_unit/price_reg[2]/D
                                0.49           0.16 f        -0.33  (VIOLATED)
   u_mem_unit/price_reg[6]/D
                                0.49           0.17 f        -0.33  (VIOLATED)
   u_mem_unit/price_reg[0]/D
                                0.49           0.17 f        -0.33  (VIOLATED)
   u_mem_unit/memory_array_reg[0][6]/D
                                0.49           0.17 r        -0.32  (VIOLATED)
   u_mem_unit/memory_array_reg[2][6]/D
                                0.49           0.17 f        -0.32  (VIOLATED)
   u_mem_unit/memory_array_reg[1][1]/D
                                0.49           0.17 f        -0.32  (VIOLATED)
   u_mem_unit/memory_array_reg[1][3]/D
                                0.49           0.17 f        -0.32  (VIOLATED)
   u_mem_unit/memory_array_reg[1][4]/D
                                0.49           0.17 f        -0.32  (VIOLATED)
   u_mem_unit/memory_array_reg[1][5]/D
                                0.49           0.17 f        -0.32  (VIOLATED)
   u_mem_unit/memory_array_reg[1][7]/D
                                0.49           0.17 f        -0.32  (VIOLATED)
   u_mem_unit/memory_array_reg[1][6]/D
                                0.49           0.17 f        -0.32  (VIOLATED)
   u_mem_unit/price_reg[3]/D
                                0.49           0.18 f        -0.32  (VIOLATED)
   u_mem_unit/memory_array_reg[3][1]/D
                                0.49           0.18 f        -0.32  (VIOLATED)
   u_mem_unit/memory_array_reg[2][1]/D
                                0.49           0.18 f        -0.31  (VIOLATED)
   u_mem_unit/price_reg[1]/D
                                0.49           0.19 f        -0.30  (VIOLATED)
   u_control_unit/state_reg[1]/D
                                0.49           0.20 f        -0.30  (VIOLATED)
   u_credit_unit/credit_reg[7]/D
                                0.49           0.20 f        -0.30  (VIOLATED)
   u_credit_unit/credit_reg[0]/D
                                0.49           0.22 f        -0.28  (VIOLATED)
   u_credit_unit/credit_reg[4]/D
                                0.49           0.22 f        -0.28  (VIOLATED)
   u_credit_unit/credit_reg[6]/D
                                0.49           0.22 f        -0.27  (VIOLATED)
   u_credit_unit/credit_reg[5]/D
                                0.49           0.22 f        -0.27  (VIOLATED)
   u_control_unit/state_reg[2]/D
                                0.49           0.24 r        -0.25  (VIOLATED)
   u_credit_unit/credit_reg[3]/D
                                0.49           0.25 r        -0.25  (VIOLATED)
   u_credit_unit/credit_reg[2]/D
                                0.49           0.24 r        -0.25  (VIOLATED)
   u_credit_unit/credit_reg[1]/D
                                0.49           0.25 f        -0.24  (VIOLATED)
   u_control_unit/state_reg[0]/D
                                0.49           0.25 f        -0.24  (VIOLATED)


Min pulse width constraints

                       Required      Actual
  Pin                pulse width   pulse width   Slack           Scenario
--------------------------------------------------------------------------------
  cancel_reg_reg/CLK(high)
                      0.05          0.00         -0.05 (VIOLATED)
  u_control_unit/state_reg[2]/CLK(high)
                      0.05          0.00         -0.05 (VIOLATED)
  u_credit_unit/credit_reg[3]/CLK(high)
                      0.05          0.00         -0.05 (VIOLATED)
  u_mem_unit/memory_array_reg[0][6]/CLK(high)
                      0.05          0.00         -0.05 (VIOLATED)
  u_control_unit/state_reg[0]/CLK(high)
                      0.04          0.00         -0.04 (VIOLATED)
  u_control_unit/state_reg[1]/CLK(high)
                      0.04          0.00         -0.04 (VIOLATED)
  u_credit_unit/credit_reg[0]/CLK(high)
                      0.04          0.00         -0.04 (VIOLATED)
  u_credit_unit/credit_reg[1]/CLK(high)
                      0.04          0.00         -0.04 (VIOLATED)
  u_credit_unit/credit_reg[2]/CLK(high)
                      0.04          0.00         -0.04 (VIOLATED)
  u_credit_unit/credit_reg[4]/CLK(high)
                      0.04          0.00         -0.04 (VIOLATED)
  u_credit_unit/credit_reg[5]/CLK(high)
                      0.04          0.00         -0.04 (VIOLATED)
  u_credit_unit/credit_reg[6]/CLK(high)
                      0.04          0.00         -0.04 (VIOLATED)
  u_credit_unit/credit_reg[7]/CLK(high)
                      0.04          0.00         -0.04 (VIOLATED)
  u_mem_unit/memory_array_reg[0][0]/CLK(high)
                      0.04          0.00         -0.04 (VIOLATED)
  u_mem_unit/memory_array_reg[0][1]/CLK(high)
                      0.04          0.00         -0.04 (VIOLATED)
  u_mem_unit/memory_array_reg[0][2]/CLK(high)
                      0.04          0.00         -0.04 (VIOLATED)
  u_mem_unit/memory_array_reg[0][3]/CLK(high)
                      0.04          0.00         -0.04 (VIOLATED)
  u_mem_unit/memory_array_reg[0][4]/CLK(high)
                      0.04          0.00         -0.04 (VIOLATED)
  u_mem_unit/memory_array_reg[0][5]/CLK(high)
                      0.04          0.00         -0.04 (VIOLATED)
  u_mem_unit/memory_array_reg[0][7]/CLK(high)
                      0.04          0.00         -0.04 (VIOLATED)
  u_mem_unit/memory_array_reg[1][0]/CLK(high)
                      0.04          0.00         -0.04 (VIOLATED)
  u_mem_unit/memory_array_reg[1][1]/CLK(high)
                      0.04          0.00         -0.04 (VIOLATED)
  u_mem_unit/memory_array_reg[1][2]/CLK(high)
                      0.04          0.00         -0.04 (VIOLATED)
  u_mem_unit/memory_array_reg[1][3]/CLK(high)
                      0.04          0.00         -0.04 (VIOLATED)
  u_mem_unit/memory_array_reg[1][4]/CLK(high)
                      0.04          0.00         -0.04 (VIOLATED)
  u_mem_unit/memory_array_reg[1][5]/CLK(high)
                      0.04          0.00         -0.04 (VIOLATED)
  u_mem_unit/memory_array_reg[1][6]/CLK(high)
                      0.04          0.00         -0.04 (VIOLATED)
  u_mem_unit/memory_array_reg[1][7]/CLK(high)
                      0.04          0.00         -0.04 (VIOLATED)
  u_mem_unit/memory_array_reg[2][0]/CLK(high)
                      0.04          0.00         -0.04 (VIOLATED)
  u_mem_unit/memory_array_reg[2][1]/CLK(high)
                      0.04          0.00         -0.04 (VIOLATED)
  u_mem_unit/memory_array_reg[2][2]/CLK(high)
                      0.04          0.00         -0.04 (VIOLATED)
  u_mem_unit/memory_array_reg[2][3]/CLK(high)
                      0.04          0.00         -0.04 (VIOLATED)
  u_mem_unit/memory_array_reg[2][4]/CLK(high)
                      0.04          0.00         -0.04 (VIOLATED)
  u_mem_unit/memory_array_reg[2][5]/CLK(high)
                      0.04          0.00         -0.04 (VIOLATED)
  u_mem_unit/memory_array_reg[2][6]/CLK(high)
                      0.04          0.00         -0.04 (VIOLATED)
  u_mem_unit/memory_array_reg[2][7]/CLK(high)
                      0.04          0.00         -0.04 (VIOLATED)
  u_mem_unit/memory_array_reg[3][0]/CLK(high)
                      0.04          0.00         -0.04 (VIOLATED)
  u_mem_unit/memory_array_reg[3][1]/CLK(high)
                      0.04          0.00         -0.04 (VIOLATED)
  u_mem_unit/memory_array_reg[3][2]/CLK(high)
                      0.04          0.00         -0.04 (VIOLATED)
  u_mem_unit/memory_array_reg[3][3]/CLK(high)
                      0.04          0.00         -0.04 (VIOLATED)
  u_mem_unit/memory_array_reg[3][4]/CLK(high)
                      0.04          0.00         -0.04 (VIOLATED)
  u_mem_unit/memory_array_reg[3][5]/CLK(high)
                      0.04          0.00         -0.04 (VIOLATED)
  u_mem_unit/memory_array_reg[3][6]/CLK(high)
                      0.04          0.00         -0.04 (VIOLATED)
  u_mem_unit/memory_array_reg[3][7]/CLK(high)
                      0.04          0.00         -0.04 (VIOLATED)
  u_mem_unit/price_reg[0]/CLK(high)
                      0.04          0.00         -0.04 (VIOLATED)
  u_mem_unit/price_reg[1]/CLK(high)
                      0.04          0.00         -0.04 (VIOLATED)
  u_mem_unit/price_reg[2]/CLK(high)
                      0.04          0.00         -0.04 (VIOLATED)
  u_mem_unit/price_reg[3]/CLK(high)
                      0.04          0.00         -0.04 (VIOLATED)
  u_mem_unit/price_reg[4]/CLK(high)
                      0.04          0.00         -0.04 (VIOLATED)
  u_mem_unit/price_reg[5]/CLK(high)
                      0.04          0.00         -0.04 (VIOLATED)
  u_mem_unit/price_reg[6]/CLK(high)
                      0.04          0.00         -0.04 (VIOLATED)
  u_mem_unit/stock_reg[0]/CLK(high)
                      0.04          0.00         -0.04 (VIOLATED)
  u_mem_unit/stock_reg[1]/CLK(high)
                      0.04          0.00         -0.04 (VIOLATED)
  u_mem_unit/stock_reg[2]/CLK(high)
                      0.04          0.00         -0.04 (VIOLATED)
  u_mem_unit/stock_reg[3]/CLK(high)
                      0.04          0.00         -0.04 (VIOLATED)
  u_mem_unit/stock_reg[4]/CLK(high)
                      0.04          0.00         -0.04 (VIOLATED)
  u_mem_unit/stock_reg[5]/CLK(high)
                      0.04          0.00         -0.04 (VIOLATED)
  u_mem_unit/stock_reg[6]/CLK(high)
                      0.04          0.00         -0.04 (VIOLATED)
  u_mem_unit/stock_reg[7]/CLK(high)
                      0.04          0.00         -0.04 (VIOLATED)
  cancel_reg_reg/CLK(low)
                      0.04          0.00         -0.04 (VIOLATED)
  u_control_unit/state_reg[0]/CLK(low)
                      0.04          0.00         -0.04 (VIOLATED)
  u_control_unit/state_reg[1]/CLK(low)
                      0.04          0.00         -0.04 (VIOLATED)
  u_control_unit/state_reg[2]/CLK(low)
                      0.04          0.00         -0.04 (VIOLATED)
  u_credit_unit/credit_reg[0]/CLK(low)
                      0.04          0.00         -0.04 (VIOLATED)
  u_credit_unit/credit_reg[1]/CLK(low)
                      0.04          0.00         -0.04 (VIOLATED)
  u_credit_unit/credit_reg[2]/CLK(low)
                      0.04          0.00         -0.04 (VIOLATED)
  u_credit_unit/credit_reg[3]/CLK(low)
                      0.04          0.00         -0.04 (VIOLATED)
  u_credit_unit/credit_reg[4]/CLK(low)
                      0.04          0.00         -0.04 (VIOLATED)
  u_credit_unit/credit_reg[5]/CLK(low)
                      0.04          0.00         -0.04 (VIOLATED)
  u_credit_unit/credit_reg[6]/CLK(low)
                      0.04          0.00         -0.04 (VIOLATED)
  u_credit_unit/credit_reg[7]/CLK(low)
                      0.04          0.00         -0.04 (VIOLATED)
  u_mem_unit/memory_array_reg[0][0]/CLK(low)
                      0.04          0.00         -0.04 (VIOLATED)
  u_mem_unit/memory_array_reg[0][1]/CLK(low)
                      0.04          0.00         -0.04 (VIOLATED)
  u_mem_unit/memory_array_reg[0][2]/CLK(low)
                      0.04          0.00         -0.04 (VIOLATED)
  u_mem_unit/memory_array_reg[0][3]/CLK(low)
                      0.04          0.00         -0.04 (VIOLATED)
  u_mem_unit/memory_array_reg[0][4]/CLK(low)
                      0.04          0.00         -0.04 (VIOLATED)
  u_mem_unit/memory_array_reg[0][5]/CLK(low)
                      0.04          0.00         -0.04 (VIOLATED)
  u_mem_unit/memory_array_reg[0][6]/CLK(low)
                      0.04          0.00         -0.04 (VIOLATED)
  u_mem_unit/memory_array_reg[0][7]/CLK(low)
                      0.04          0.00         -0.04 (VIOLATED)
  u_mem_unit/memory_array_reg[1][0]/CLK(low)
                      0.04          0.00         -0.04 (VIOLATED)
  u_mem_unit/memory_array_reg[1][1]/CLK(low)
                      0.04          0.00         -0.04 (VIOLATED)
  u_mem_unit/memory_array_reg[1][2]/CLK(low)
                      0.04          0.00         -0.04 (VIOLATED)
  u_mem_unit/memory_array_reg[1][3]/CLK(low)
                      0.04          0.00         -0.04 (VIOLATED)
  u_mem_unit/memory_array_reg[1][4]/CLK(low)
                      0.04          0.00         -0.04 (VIOLATED)
  u_mem_unit/memory_array_reg[1][5]/CLK(low)
                      0.04          0.00         -0.04 (VIOLATED)
  u_mem_unit/memory_array_reg[1][6]/CLK(low)
                      0.04          0.00         -0.04 (VIOLATED)
  u_mem_unit/memory_array_reg[1][7]/CLK(low)
                      0.04          0.00         -0.04 (VIOLATED)
  u_mem_unit/memory_array_reg[2][0]/CLK(low)
                      0.04          0.00         -0.04 (VIOLATED)
  u_mem_unit/memory_array_reg[2][1]/CLK(low)
                      0.04          0.00         -0.04 (VIOLATED)
  u_mem_unit/memory_array_reg[2][2]/CLK(low)
                      0.04          0.00         -0.04 (VIOLATED)
  u_mem_unit/memory_array_reg[2][3]/CLK(low)
                      0.04          0.00         -0.04 (VIOLATED)
  u_mem_unit/memory_array_reg[2][4]/CLK(low)
                      0.04          0.00         -0.04 (VIOLATED)
  u_mem_unit/memory_array_reg[2][5]/CLK(low)
                      0.04          0.00         -0.04 (VIOLATED)
  u_mem_unit/memory_array_reg[2][6]/CLK(low)
                      0.04          0.00         -0.04 (VIOLATED)
  u_mem_unit/memory_array_reg[2][7]/CLK(low)
                      0.04          0.00         -0.04 (VIOLATED)
  u_mem_unit/memory_array_reg[3][0]/CLK(low)
                      0.04          0.00         -0.04 (VIOLATED)
  u_mem_unit/memory_array_reg[3][1]/CLK(low)
                      0.04          0.00         -0.04 (VIOLATED)
  u_mem_unit/memory_array_reg[3][2]/CLK(low)
                      0.04          0.00         -0.04 (VIOLATED)
  u_mem_unit/memory_array_reg[3][3]/CLK(low)
                      0.04          0.00         -0.04 (VIOLATED)
  u_mem_unit/memory_array_reg[3][4]/CLK(low)
                      0.04          0.00         -0.04 (VIOLATED)
  u_mem_unit/memory_array_reg[3][5]/CLK(low)
                      0.04          0.00         -0.04 (VIOLATED)
  u_mem_unit/memory_array_reg[3][6]/CLK(low)
                      0.04          0.00         -0.04 (VIOLATED)
  u_mem_unit/memory_array_reg[3][7]/CLK(low)
                      0.04          0.00         -0.04 (VIOLATED)
  u_mem_unit/price_reg[0]/CLK(low)
                      0.04          0.00         -0.04 (VIOLATED)
  u_mem_unit/price_reg[1]/CLK(low)
                      0.04          0.00         -0.04 (VIOLATED)
  u_mem_unit/price_reg[2]/CLK(low)
                      0.04          0.00         -0.04 (VIOLATED)
  u_mem_unit/price_reg[3]/CLK(low)
                      0.04          0.00         -0.04 (VIOLATED)
  u_mem_unit/price_reg[4]/CLK(low)
                      0.04          0.00         -0.04 (VIOLATED)
  u_mem_unit/price_reg[5]/CLK(low)
                      0.04          0.00         -0.04 (VIOLATED)
  u_mem_unit/price_reg[6]/CLK(low)
                      0.04          0.00         -0.04 (VIOLATED)
  u_mem_unit/stock_reg[0]/CLK(low)
                      0.04          0.00         -0.04 (VIOLATED)
  u_mem_unit/stock_reg[1]/CLK(low)
                      0.04          0.00         -0.04 (VIOLATED)
  u_mem_unit/stock_reg[2]/CLK(low)
                      0.04          0.00         -0.04 (VIOLATED)
  u_mem_unit/stock_reg[3]/CLK(low)
                      0.04          0.00         -0.04 (VIOLATED)
  u_mem_unit/stock_reg[4]/CLK(low)
                      0.04          0.00         -0.04 (VIOLATED)
  u_mem_unit/stock_reg[5]/CLK(low)
                      0.04          0.00         -0.04 (VIOLATED)
  u_mem_unit/stock_reg[6]/CLK(low)
                      0.04          0.00         -0.04 (VIOLATED)
  u_mem_unit/stock_reg[7]/CLK(low)
                      0.04          0.00         -0.04 (VIOLATED)

1
