Warning: There are infeasible paths detected in your design that were ignored during optimization. Please run 'report_timing -attributes' and/or 'create_qor_snapshot/query_qor_snapshot -infeasible_paths' to identify these paths.  (OPT-1721)
 
****************************************
Report : constraint
        -all_violators
Design : Vending_Top
Version: X-2025.06-SP2
Date   : Fri Jul 31 15:57:16 2026
****************************************


   max_delay/setup ('sys_clk' group)

                             Required        Actual
   Endpoint                 Path Delay     Path Delay        Slack
   -----------------------------------------------------------------
   u_credit_unit/credit_reg[6]/D
                                1.47           3.67 f        -2.20  (VIOLATED)
   u_credit_unit/credit_reg[5]/D
                                1.47           3.66 r        -2.19  (VIOLATED)
   u_credit_unit/credit_reg[7]/D
                                1.47           3.66 r        -2.18  (VIOLATED)
   u_credit_unit/credit_reg[4]/D
                                1.47           3.63 r        -2.15  (VIOLATED)
   u_mem_unit/memory_array_reg[3][1]/D
                                1.47           3.43 r        -1.96  (VIOLATED)
   u_mem_unit/memory_array_reg[3][7]/D
                                1.47           3.42 r        -1.95  (VIOLATED)
   u_mem_unit/memory_array_reg[3][2]/D
                                1.47           3.42 r        -1.95  (VIOLATED)
   u_mem_unit/memory_array_reg[3][0]/D
                                1.47           3.42 r        -1.95  (VIOLATED)
   u_mem_unit/memory_array_reg[3][3]/D
                                1.47           3.42 r        -1.95  (VIOLATED)
   u_mem_unit/memory_array_reg[3][4]/D
                                1.47           3.42 r        -1.95  (VIOLATED)
   u_mem_unit/memory_array_reg[3][5]/D
                                1.47           3.42 r        -1.95  (VIOLATED)
   u_mem_unit/memory_array_reg[3][6]/D
                                1.47           3.42 r        -1.95  (VIOLATED)
   u_credit_unit/credit_reg[3]/D
                                1.48           3.42 f        -1.94  (VIOLATED)
   u_mem_unit/memory_array_reg[1][6]/D
                                1.47           3.41 r        -1.94  (VIOLATED)
   u_mem_unit/memory_array_reg[1][7]/D
                                1.47           3.40 r        -1.94  (VIOLATED)
   u_mem_unit/memory_array_reg[1][1]/D
                                1.47           3.40 r        -1.94  (VIOLATED)
   u_mem_unit/memory_array_reg[1][3]/D
                                1.47           3.40 r        -1.94  (VIOLATED)
   u_mem_unit/memory_array_reg[1][4]/D
                                1.47           3.40 r        -1.94  (VIOLATED)
   u_mem_unit/memory_array_reg[1][5]/D
                                1.47           3.40 r        -1.94  (VIOLATED)
   change_out[6]               -1.50           0.43 r        -1.93  (VIOLATED)
   change_out[7]               -1.50           0.43 r        -1.93  (VIOLATED)
   change_out[4]               -1.50           0.43 f        -1.93  (VIOLATED)
   change_out[5]               -1.50           0.42 r        -1.92  (VIOLATED)
   change_out[2]               -1.50           0.41 f        -1.91  (VIOLATED)
   change_out[3]               -1.50           0.41 r        -1.91  (VIOLATED)
   u_mem_unit/memory_array_reg[1][0]/D
                                1.47           3.38 r        -1.91  (VIOLATED)
   u_mem_unit/memory_array_reg[1][2]/D
                                1.47           3.38 r        -1.91  (VIOLATED)
   u_mem_unit/stock_reg[7]/D
                                1.47           3.37 r        -1.91  (VIOLATED)
   u_mem_unit/stock_reg[2]/D
                                1.47           3.37 r        -1.90  (VIOLATED)
   u_mem_unit/stock_reg[6]/D
                                1.47           3.36 r        -1.89  (VIOLATED)
   u_mem_unit/price_reg[1]/D
                                1.47           3.36 r        -1.89  (VIOLATED)
   u_mem_unit/stock_reg[0]/D
                                1.47           3.36 r        -1.89  (VIOLATED)
   u_mem_unit/stock_reg[1]/D
                                1.47           3.36 r        -1.89  (VIOLATED)
   u_mem_unit/stock_reg[3]/D
                                1.47           3.36 r        -1.89  (VIOLATED)
   u_mem_unit/stock_reg[4]/D
                                1.47           3.36 r        -1.89  (VIOLATED)
   u_mem_unit/stock_reg[5]/D
                                1.47           3.36 r        -1.89  (VIOLATED)
   u_mem_unit/memory_array_reg[0][7]/D
                                1.47           3.36 r        -1.89  (VIOLATED)
   u_mem_unit/memory_array_reg[0][1]/D
                                1.47           3.36 r        -1.89  (VIOLATED)
   u_mem_unit/memory_array_reg[0][3]/D
                                1.47           3.36 r        -1.89  (VIOLATED)
   u_mem_unit/memory_array_reg[0][4]/D
                                1.47           3.36 r        -1.89  (VIOLATED)
   u_mem_unit/memory_array_reg[0][5]/D
                                1.47           3.36 r        -1.89  (VIOLATED)
   u_mem_unit/memory_array_reg[0][6]/D
                                1.47           3.36 f        -1.89  (VIOLATED)
   u_mem_unit/memory_array_reg[2][1]/D
                                1.47           3.36 r        -1.89  (VIOLATED)
   u_credit_unit/credit_reg[2]/D
                                1.47           3.35 r        -1.88  (VIOLATED)
   u_mem_unit/price_reg[0]/D
                                1.47           3.35 r        -1.88  (VIOLATED)
   u_mem_unit/price_reg[3]/D
                                1.47           3.35 r        -1.88  (VIOLATED)
   u_mem_unit/price_reg[6]/D
                                1.47           3.35 r        -1.88  (VIOLATED)
   u_credit_unit/credit_reg[1]/D
                                1.47           3.35 r        -1.87  (VIOLATED)
   change_out[1]               -1.50           0.37 r        -1.87  (VIOLATED)
   u_mem_unit/memory_array_reg[2][6]/D
                                1.47           3.34 r        -1.87  (VIOLATED)
   u_mem_unit/memory_array_reg[0][0]/D
                                1.47           3.33 r        -1.87  (VIOLATED)
   u_mem_unit/memory_array_reg[0][2]/D
                                1.47           3.33 r        -1.87  (VIOLATED)
   change_out[0]               -1.50           0.37 f        -1.87  (VIOLATED)
   u_mem_unit/memory_array_reg[2][7]/D
                                1.47           3.32 r        -1.85  (VIOLATED)
   u_mem_unit/memory_array_reg[2][2]/D
                                1.47           3.32 r        -1.85  (VIOLATED)
   u_mem_unit/memory_array_reg[2][3]/D
                                1.47           3.32 r        -1.85  (VIOLATED)
   u_mem_unit/memory_array_reg[2][4]/D
                                1.47           3.32 r        -1.85  (VIOLATED)
   u_mem_unit/memory_array_reg[2][5]/D
                                1.47           3.32 r        -1.85  (VIOLATED)
   u_mem_unit/price_reg[2]/D
                                1.47           3.32 r        -1.85  (VIOLATED)
   u_mem_unit/price_reg[4]/D
                                1.47           3.32 r        -1.85  (VIOLATED)
   u_mem_unit/price_reg[5]/D
                                1.47           3.32 r        -1.85  (VIOLATED)
   u_mem_unit/memory_array_reg[2][0]/D
                                1.47           3.31 r        -1.85  (VIOLATED)
   u_control_unit/state_reg[1]/D
                                1.47           3.28 r        -1.81  (VIOLATED)
   u_credit_unit/credit_reg[0]/D
                                1.47           3.28 r        -1.81  (VIOLATED)
   u_control_unit/state_reg[0]/D
                                1.47           3.27 r        -1.80  (VIOLATED)
   dispense                    -1.50           0.22 f        -1.72  (VIOLATED)
   error                       -1.50           0.18 r        -1.68  (VIOLATED)
   cancel_reg_reg/D             1.47           3.11 f        -1.63  (VIOLATED)
   display[2]                  -1.50           0.13 f        -1.63  (VIOLATED)
   u_control_unit/state_reg[2]/D
                                1.47           3.10 r        -1.63  (VIOLATED)
   state_out[1]                -1.50           0.10 f        -1.60  (VIOLATED)
   display[3]                  -1.50           0.10 f        -1.60  (VIOLATED)
   display[6]                  -1.50           0.10 f        -1.60  (VIOLATED)
   display[5]                  -1.50           0.10 f        -1.60  (VIOLATED)
   display[7]                  -1.50           0.10 f        -1.60  (VIOLATED)
   display[0]                  -1.50           0.09 f        -1.59  (VIOLATED)
   display[4]                  -1.50           0.09 f        -1.59  (VIOLATED)
   display[1]                  -1.50           0.09 f        -1.59  (VIOLATED)
   state_out[2]                -1.50           0.09 f        -1.59  (VIOLATED)
   state_out[0]                -1.50           0.08 f        -1.58  (VIOLATED)


   min_delay/hold ('sys_clk' group)

                             Required        Actual
   Endpoint                 Path Delay     Path Delay        Slack
   -----------------------------------------------------------------
   u_mem_unit/memory_array_reg[3][0]/D
                                0.49           0.12 f        -0.37  (VIOLATED)
   u_mem_unit/memory_array_reg[0][1]/D
                                0.49           0.13 f        -0.37  (VIOLATED)
   u_mem_unit/memory_array_reg[0][3]/D
                                0.49           0.13 f        -0.37  (VIOLATED)
   u_mem_unit/memory_array_reg[0][4]/D
                                0.49           0.13 f        -0.37  (VIOLATED)
   u_mem_unit/memory_array_reg[0][5]/D
                                0.49           0.13 f        -0.37  (VIOLATED)
   u_mem_unit/memory_array_reg[0][7]/D
                                0.49           0.13 f        -0.37  (VIOLATED)
   u_mem_unit/memory_array_reg[3][2]/D
                                0.49           0.13 f        -0.37  (VIOLATED)
   u_mem_unit/memory_array_reg[3][3]/D
                                0.49           0.13 f        -0.37  (VIOLATED)
   u_mem_unit/memory_array_reg[3][4]/D
                                0.49           0.13 f        -0.37  (VIOLATED)
   u_mem_unit/memory_array_reg[3][5]/D
                                0.49           0.13 f        -0.37  (VIOLATED)
   u_mem_unit/memory_array_reg[3][7]/D
                                0.49           0.13 f        -0.37  (VIOLATED)
   u_mem_unit/stock_reg[6]/D
                                0.49           0.13 f        -0.36  (VIOLATED)
   u_mem_unit/memory_array_reg[1][1]/D
                                0.49           0.13 f        -0.36  (VIOLATED)
   u_mem_unit/memory_array_reg[1][3]/D
                                0.49           0.13 f        -0.36  (VIOLATED)
   u_mem_unit/memory_array_reg[1][4]/D
                                0.49           0.13 f        -0.36  (VIOLATED)
   u_mem_unit/memory_array_reg[1][5]/D
                                0.49           0.13 f        -0.36  (VIOLATED)
   u_mem_unit/memory_array_reg[1][7]/D
                                0.49           0.13 f        -0.36  (VIOLATED)
   u_mem_unit/memory_array_reg[2][7]/D
                                0.49           0.13 f        -0.36  (VIOLATED)
   u_mem_unit/memory_array_reg[2][2]/D
                                0.49           0.13 f        -0.36  (VIOLATED)
   u_mem_unit/memory_array_reg[2][3]/D
                                0.49           0.13 f        -0.36  (VIOLATED)
   u_mem_unit/memory_array_reg[2][4]/D
                                0.49           0.13 f        -0.36  (VIOLATED)
   u_mem_unit/memory_array_reg[2][5]/D
                                0.49           0.13 f        -0.36  (VIOLATED)
   u_mem_unit/stock_reg[0]/D
                                0.49           0.14 f        -0.36  (VIOLATED)
   u_mem_unit/stock_reg[1]/D
                                0.49           0.14 f        -0.36  (VIOLATED)
   u_mem_unit/stock_reg[3]/D
                                0.49           0.14 f        -0.36  (VIOLATED)
   u_mem_unit/stock_reg[4]/D
                                0.49           0.14 f        -0.36  (VIOLATED)
   u_mem_unit/stock_reg[5]/D
                                0.49           0.14 f        -0.36  (VIOLATED)
   u_mem_unit/price_reg[2]/D
                                0.49           0.14 f        -0.36  (VIOLATED)
   u_mem_unit/stock_reg[7]/D
                                0.49           0.14 f        -0.35  (VIOLATED)
   u_mem_unit/stock_reg[2]/D
                                0.49           0.14 f        -0.35  (VIOLATED)
   u_mem_unit/memory_array_reg[0][0]/D
                                0.49           0.14 f        -0.35  (VIOLATED)
   u_mem_unit/memory_array_reg[0][2]/D
                                0.49           0.14 f        -0.35  (VIOLATED)
   u_mem_unit/price_reg[5]/D
                                0.49           0.15 f        -0.35  (VIOLATED)
   u_mem_unit/price_reg[4]/D
                                0.49           0.15 f        -0.35  (VIOLATED)
   u_mem_unit/memory_array_reg[1][0]/D
                                0.49           0.15 f        -0.35  (VIOLATED)
   u_mem_unit/memory_array_reg[1][2]/D
                                0.49           0.15 f        -0.35  (VIOLATED)
   u_mem_unit/memory_array_reg[2][0]/D
                                0.49           0.15 f        -0.34  (VIOLATED)
   u_mem_unit/price_reg[0]/D
                                0.49           0.17 f        -0.33  (VIOLATED)
   u_mem_unit/memory_array_reg[0][6]/D
                                0.49           0.17 r        -0.32  (VIOLATED)
   u_mem_unit/memory_array_reg[2][6]/D
                                0.49           0.17 f        -0.32  (VIOLATED)
   u_mem_unit/memory_array_reg[1][6]/D
                                0.49           0.17 f        -0.32  (VIOLATED)
   u_mem_unit/price_reg[6]/D
                                0.49           0.17 f        -0.32  (VIOLATED)
   u_mem_unit/price_reg[3]/D
                                0.49           0.18 f        -0.32  (VIOLATED)
   u_credit_unit/credit_reg[7]/D
                                0.49           0.17 r        -0.32  (VIOLATED)
   u_mem_unit/memory_array_reg[3][6]/D
                                0.49           0.18 f        -0.32  (VIOLATED)
   u_mem_unit/memory_array_reg[3][1]/D
                                0.49           0.18 f        -0.32  (VIOLATED)
   u_mem_unit/memory_array_reg[2][1]/D
                                0.49           0.18 f        -0.31  (VIOLATED)
   u_mem_unit/price_reg[1]/D
                                0.49           0.19 f        -0.30  (VIOLATED)
   u_control_unit/state_reg[1]/D
                                0.49           0.20 f        -0.30  (VIOLATED)
   u_credit_unit/credit_reg[5]/D
                                0.49           0.20 f        -0.29  (VIOLATED)
   u_credit_unit/credit_reg[6]/D
                                0.49           0.21 r        -0.29  (VIOLATED)
   u_credit_unit/credit_reg[4]/D
                                0.49           0.22 f        -0.28  (VIOLATED)
   u_credit_unit/credit_reg[2]/D
                                0.49           0.22 f        -0.28  (VIOLATED)
   u_credit_unit/credit_reg[0]/D
                                0.49           0.22 f        -0.27  (VIOLATED)
   u_credit_unit/credit_reg[3]/D
                                0.49           0.23 f        -0.27  (VIOLATED)
   u_credit_unit/credit_reg[1]/D
                                0.49           0.23 f        -0.26  (VIOLATED)
   u_control_unit/state_reg[0]/D
                                0.49           0.26 f        -0.23  (VIOLATED)
   u_control_unit/state_reg[2]/D
                                0.49           0.26 r        -0.23  (VIOLATED)


1
