 
****************************************
Report : constraint
        -all_violators
Design : Vending_Top
Version: X-2025.06-SP2
Date   : Fri Jul 31 15:56:33 2026
****************************************


   min_delay/hold ('sys_clk' group)

                             Required        Actual
   Endpoint                 Path Delay     Path Delay        Slack
   -----------------------------------------------------------------
   u_mem_unit/memory_array_reg[2][0]/SETB
                                0.53           0.13 f        -0.40  (VIOLATED)
   u_credit_unit/credit_reg[3]/SETB
                                0.54           0.15 f        -0.39  (VIOLATED)
   u_mem_unit/memory_array_reg[3][0]/D
                                0.49           0.12 f        -0.38  (VIOLATED)
   u_credit_unit/credit_reg[6]/SETB
                                0.51           0.14 r        -0.37  (VIOLATED)
   u_mem_unit/stock_reg[3]/D
                                0.49           0.14 f        -0.36  (VIOLATED)
   u_mem_unit/stock_reg[5]/D
                                0.49           0.14 f        -0.36  (VIOLATED)
   u_mem_unit/stock_reg[6]/D
                                0.49           0.14 f        -0.36  (VIOLATED)
   u_mem_unit/memory_array_reg[2][7]/D
                                0.49           0.14 f        -0.36  (VIOLATED)
   u_mem_unit/memory_array_reg[3][7]/D
                                0.49           0.14 f        -0.35  (VIOLATED)
   u_mem_unit/memory_array_reg[1][7]/D
                                0.49           0.14 f        -0.35  (VIOLATED)
   u_mem_unit/memory_array_reg[0][7]/D
                                0.49           0.14 f        -0.35  (VIOLATED)
   u_mem_unit/memory_array_reg[1][0]/D
                                0.49           0.14 f        -0.35  (VIOLATED)
   u_mem_unit/memory_array_reg[1][5]/D
                                0.49           0.14 f        -0.35  (VIOLATED)
   u_mem_unit/memory_array_reg[2][6]/D
                                0.49           0.14 f        -0.35  (VIOLATED)
   u_mem_unit/memory_array_reg[1][6]/D
                                0.49           0.14 f        -0.35  (VIOLATED)
   u_mem_unit/memory_array_reg[1][3]/D
                                0.49           0.14 f        -0.35  (VIOLATED)
   u_mem_unit/memory_array_reg[1][1]/D
                                0.49           0.14 f        -0.35  (VIOLATED)
   u_mem_unit/memory_array_reg[1][4]/D
                                0.49           0.14 f        -0.35  (VIOLATED)
   u_mem_unit/memory_array_reg[0][0]/D
                                0.49           0.14 f        -0.35  (VIOLATED)
   u_mem_unit/memory_array_reg[3][5]/D
                                0.49           0.14 f        -0.35  (VIOLATED)
   u_mem_unit/memory_array_reg[3][6]/D
                                0.49           0.14 f        -0.35  (VIOLATED)
   u_mem_unit/memory_array_reg[3][3]/D
                                0.49           0.14 f        -0.35  (VIOLATED)
   u_mem_unit/memory_array_reg[3][4]/D
                                0.49           0.14 f        -0.35  (VIOLATED)
   u_mem_unit/memory_array_reg[0][5]/D
                                0.49           0.14 f        -0.35  (VIOLATED)
   u_mem_unit/memory_array_reg[2][5]/D
                                0.49           0.14 f        -0.35  (VIOLATED)
   u_mem_unit/memory_array_reg[0][6]/D
                                0.49           0.14 f        -0.35  (VIOLATED)
   u_mem_unit/memory_array_reg[3][2]/D
                                0.49           0.14 f        -0.35  (VIOLATED)
   u_mem_unit/memory_array_reg[0][3]/D
                                0.49           0.14 f        -0.35  (VIOLATED)
   u_mem_unit/memory_array_reg[2][3]/D
                                0.49           0.14 f        -0.35  (VIOLATED)
   u_mem_unit/memory_array_reg[0][1]/D
                                0.49           0.14 f        -0.35  (VIOLATED)
   u_mem_unit/memory_array_reg[0][4]/D
                                0.49           0.14 f        -0.35  (VIOLATED)
   u_mem_unit/memory_array_reg[2][2]/D
                                0.49           0.14 f        -0.35  (VIOLATED)
   u_mem_unit/memory_array_reg[2][4]/D
                                0.49           0.14 f        -0.35  (VIOLATED)
   u_mem_unit/stock_reg[2]/D
                                0.49           0.14 f        -0.35  (VIOLATED)
   u_mem_unit/memory_array_reg[1][2]/D
                                0.49           0.15 f        -0.34  (VIOLATED)
   u_mem_unit/memory_array_reg[0][2]/D
                                0.49           0.15 f        -0.34  (VIOLATED)
   u_control_unit/state_reg[1]/RSTB
                                0.47           0.13 f        -0.34  (VIOLATED)
   u_mem_unit/memory_array_reg[3][1]/D
                                0.49           0.16 f        -0.34  (VIOLATED)
   u_mem_unit/memory_array_reg[2][1]/D
                                0.49           0.16 f        -0.34  (VIOLATED)
   u_mem_unit/stock_reg[0]/RSTB
                                0.47           0.14 f        -0.34  (VIOLATED)
   u_credit_unit/credit_reg[0]/RSTB
                                0.47           0.14 f        -0.33  (VIOLATED)
   u_mem_unit/stock_reg[4]/RSTB
                                0.47           0.14 f        -0.33  (VIOLATED)
   u_mem_unit/stock_reg[7]/RSTB
                                0.47           0.15 f        -0.33  (VIOLATED)
   u_credit_unit/credit_reg[1]/RSTB
                                0.47           0.15 f        -0.32  (VIOLATED)
   u_credit_unit/credit_reg[2]/RSTB
                                0.47           0.15 f        -0.32  (VIOLATED)
   u_credit_unit/credit_reg[4]/RSTB
                                0.47           0.15 f        -0.32  (VIOLATED)
   u_mem_unit/price_reg[0]/RSTB
                                0.47           0.15 f        -0.32  (VIOLATED)
   u_mem_unit/stock_reg[1]/RSTB
                                0.47           0.15 f        -0.32  (VIOLATED)
   u_credit_unit/credit_reg[5]/RSTB
                                0.47           0.15 f        -0.32  (VIOLATED)
   u_mem_unit/price_reg[1]/RSTB
                                0.47           0.16 f        -0.32  (VIOLATED)
   u_mem_unit/price_reg[2]/RSTB
                                0.47           0.16 f        -0.31  (VIOLATED)
   u_mem_unit/price_reg[3]/RSTB
                                0.47           0.16 f        -0.31  (VIOLATED)
   u_mem_unit/price_reg[4]/RSTB
                                0.47           0.16 f        -0.31  (VIOLATED)
   u_mem_unit/price_reg[5]/RSTB
                                0.47           0.16 f        -0.31  (VIOLATED)
   u_mem_unit/price_reg[6]/RSTB
                                0.47           0.16 f        -0.31  (VIOLATED)
   u_control_unit/state_reg[0]/RSTB
                                0.47           0.17 f        -0.30  (VIOLATED)
   u_credit_unit/credit_reg[7]/D
                                0.49           0.19 r        -0.30  (VIOLATED)
   u_control_unit/state_reg[2]/RSTB
                                0.47           0.19 f        -0.28  (VIOLATED)
   u_control_unit/state_reg[1]/SETB
                                0.49           0.21 f        -0.27  (VIOLATED)
   u_credit_unit/credit_reg[3]/RSTB
                                0.47           0.23 f        -0.25  (VIOLATED)
   u_mem_unit/price_reg[1]/SETB
                                0.52           0.28 r        -0.24  (VIOLATED)


1
