 
****************************************
Report : power
        -analysis_effort low
Design : Vending_Top
Version: X-2025.06-SP2
Date   : Fri Jul 31 15:56:54 2026
****************************************


Library(s) Used:

    saed32rvt_tt1p05v25c (File: /home/valmir.silva/Vending_Machine_Controller/lib/saed32rvt_tt1p05v25c.db)


Operating Conditions: tt1p05v25c   Library: saed32rvt_tt1p05v25c
Wire Load Model Mode: enclosed

Design        Wire Load Model            Library
------------------------------------------------
Vending_Top            8000              saed32rvt_tt1p05v25c


Global Operating Voltage = 1.05 
Power-specific unit information :
    Voltage Units = 1V
    Capacitance Units = 1.000000ff
    Time Units = 1ns
    Dynamic Power Units = 1uW    (derived from V,C,T units)
    Leakage Power Units = 1pW


Attributes
----------
i - Including register clock pin internal power


  Cell Internal Power  = 118.6888 uW   (95%)
  Net Switching Power  =   6.1778 uW    (5%)
                         ---------
Total Dynamic Power    = 124.8667 uW  (100%)

Cell Leakage Power     = 118.1066 uW


                 Internal         Switching           Leakage            Total
Power Group      Power            Power               Power              Power   (   %    )  Attrs
--------------------------------------------------------------------------------------------------
io_pad             0.0000            0.0000            0.0000            0.0000  (   0.00%)
memory             0.0000            0.0000            0.0000            0.0000  (   0.00%)
black_box          0.0000            0.0000            0.0000            0.0000  (   0.00%)
clock_network    103.3929            0.0000            0.0000          103.3929  (  42.55%)  i
register           3.2885            1.2467        6.0930e+07           65.4656  (  26.94%)
sequential         0.0000            0.0000            0.0000            0.0000  (   0.00%)
combinational     12.0074            4.9311        5.7176e+07           74.1147  (  30.50%)
--------------------------------------------------------------------------------------------------
Total            118.6888 uW         6.1778 uW     1.1811e+08 pW       242.9733 uW
1
