 
****************************************
Report : power
        -analysis_effort low
Design : Vending_Top
Version: X-2025.06-SP2
Date   : Fri Jul 31 15:52:39 2026
****************************************


Library(s) Used:

    saed32rvt_tt1p05v25c (File: /home/valmir.silva/Vending_Machine_Controller/lib/saed32rvt_tt1p05v25c.db)


Operating Conditions: tt1p05v25c   Library: saed32rvt_tt1p05v25c
Wire Load Model Mode: enclosed

Design        Wire Load Model            Library
------------------------------------------------
Vending_Top            8000              saed32rvt_tt1p05v25c


Global Operating Voltage = 1.05 
Power-specific unit information :
    Voltage Units = 1V
    Capacitance Units = 1.000000ff
    Time Units = 1ns
    Dynamic Power Units = 1uW    (derived from V,C,T units)
    Leakage Power Units = 1pW


Attributes
----------
i - Including register clock pin internal power


  Cell Internal Power  =  31.9879 uW   (97%)
  Net Switching Power  =   1.1276 uW    (3%)
                         ---------
Total Dynamic Power    =  33.1155 uW  (100%)

Cell Leakage Power     =  86.7570 uW


                 Internal         Switching           Leakage            Total
Power Group      Power            Power               Power              Power   (   %    )  Attrs
--------------------------------------------------------------------------------------------------
io_pad             0.0000            0.0000            0.0000            0.0000  (   0.00%)
memory             0.0000            0.0000            0.0000            0.0000  (   0.00%)
black_box          0.0000            0.0000            0.0000            0.0000  (   0.00%)
clock_network     30.0437            0.0000            0.0000           30.0437  (  25.06%)  i
register           0.5848            0.3019        5.8702e+07           59.5888  (  49.71%)
sequential         0.0000            0.0000            0.0000            0.0000  (   0.00%)
combinational      1.3595            0.8257        2.8055e+07           30.2400  (  25.23%)
--------------------------------------------------------------------------------------------------
Total             31.9879 uW         1.1276 uW     8.6757e+07 pW       119.8725 uW
1
