 
****************************************
Report : power
        -analysis_effort low
Design : Vending_Top
Version: X-2025.06-SP2
Date   : Fri Jul 31 15:57:16 2026
****************************************


Library(s) Used:

    saed32rvt_tt1p05v25c (File: /home/valmir.silva/Vending_Machine_Controller/lib/saed32rvt_tt1p05v25c.db)


Operating Conditions: tt1p05v25c   Library: saed32rvt_tt1p05v25c
Wire Load Model Mode: enclosed

Design        Wire Load Model            Library
------------------------------------------------
Vending_Top            8000              saed32rvt_tt1p05v25c


Global Operating Voltage = 1.05 
Power-specific unit information :
    Voltage Units = 1V
    Capacitance Units = 1.000000ff
    Time Units = 1ns
    Dynamic Power Units = 1uW    (derived from V,C,T units)
    Leakage Power Units = 1pW


Attributes
----------
i - Including register clock pin internal power


  Cell Internal Power  = 232.9770 uW   (94%)
  Net Switching Power  =  14.8829 uW    (6%)
                         ---------
Total Dynamic Power    = 247.8599 uW  (100%)

Cell Leakage Power     = 136.3437 uW


                 Internal         Switching           Leakage            Total
Power Group      Power            Power               Power              Power   (   %    )  Attrs
--------------------------------------------------------------------------------------------------
io_pad             0.0000            0.0000            0.0000            0.0000  (   0.00%)
memory             0.0000            0.0000            0.0000            0.0000  (   0.00%)
black_box          0.0000            0.0000            0.0000            0.0000  (   0.00%)
clock_network    192.2160            0.0000            0.0000          192.2160  (  50.03%)  i
register           8.1953            2.9129        6.2700e+07           73.8087  (  19.21%)
sequential         0.0000            0.0000            0.0000            0.0000  (   0.00%)
combinational     32.5658           11.9700        7.3643e+07          118.1789  (  30.76%)
--------------------------------------------------------------------------------------------------
Total            232.9770 uW        14.8829 uW     1.3634e+08 pW       384.2036 uW
1
