 
****************************************
Report : power
        -analysis_effort low
Design : Vending_Top
Version: X-2025.06-SP2
Date   : Fri Jul 31 15:56:33 2026
****************************************


Library(s) Used:

    saed32rvt_tt1p05v25c (File: /home/valmir.silva/Vending_Machine_Controller/lib/saed32rvt_tt1p05v25c.db)


Operating Conditions: tt1p05v25c   Library: saed32rvt_tt1p05v25c
Wire Load Model Mode: enclosed

Design        Wire Load Model            Library
------------------------------------------------
Vending_Top            8000              saed32rvt_tt1p05v25c


Global Operating Voltage = 1.05 
Power-specific unit information :
    Voltage Units = 1V
    Capacitance Units = 1.000000ff
    Time Units = 1ns
    Dynamic Power Units = 1uW    (derived from V,C,T units)
    Leakage Power Units = 1pW


Attributes
----------
i - Including register clock pin internal power


  Cell Internal Power  =  85.3012 uW   (97%)
  Net Switching Power  =   3.0069 uW    (3%)
                         ---------
Total Dynamic Power    =  88.3080 uW  (100%)

Cell Leakage Power     =  86.7570 uW


                 Internal         Switching           Leakage            Total
Power Group      Power            Power               Power              Power   (   %    )  Attrs
--------------------------------------------------------------------------------------------------
io_pad             0.0000            0.0000            0.0000            0.0000  (   0.00%)
memory             0.0000            0.0000            0.0000            0.0000  (   0.00%)
black_box          0.0000            0.0000            0.0000            0.0000  (   0.00%)
clock_network     80.1165            0.0000            0.0000           80.1165  (  45.76%)  i
register           1.5594            0.8051        5.8702e+07           61.0666  (  34.88%)
sequential         0.0000            0.0000            0.0000            0.0000  (   0.00%)
combinational      3.6253            2.2018        2.8055e+07           33.8819  (  19.35%)
--------------------------------------------------------------------------------------------------
Total             85.3012 uW         3.0069 uW     8.6757e+07 pW       175.0650 uW
1
