 
****************************************
Report : power
        -analysis_effort low
Design : Vending_Top
Version: X-2025.06-SP2
Date   : Fri Jul 31 15:56:12 2026
****************************************


Library(s) Used:

    saed32rvt_tt1p05v25c (File: /home/valmir.silva/Vending_Machine_Controller/lib/saed32rvt_tt1p05v25c.db)


Operating Conditions: tt1p05v25c   Library: saed32rvt_tt1p05v25c
Wire Load Model Mode: enclosed

Design        Wire Load Model            Library
------------------------------------------------
Vending_Top            8000              saed32rvt_tt1p05v25c


Global Operating Voltage = 1.05 
Power-specific unit information :
    Voltage Units = 1V
    Capacitance Units = 1.000000ff
    Time Units = 1ns
    Dynamic Power Units = 1uW    (derived from V,C,T units)
    Leakage Power Units = 1pW


Attributes
----------
i - Including register clock pin internal power


  Cell Internal Power  =  63.9759 uW   (97%)
  Net Switching Power  =   2.2551 uW    (3%)
                         ---------
Total Dynamic Power    =  66.2310 uW  (100%)

Cell Leakage Power     =  86.7570 uW


                 Internal         Switching           Leakage            Total
Power Group      Power            Power               Power              Power   (   %    )  Attrs
--------------------------------------------------------------------------------------------------
io_pad             0.0000            0.0000            0.0000            0.0000  (   0.00%)
memory             0.0000            0.0000            0.0000            0.0000  (   0.00%)
black_box          0.0000            0.0000            0.0000            0.0000  (   0.00%)
clock_network     60.0874            0.0000            0.0000           60.0874  (  39.28%)  i
register           1.1695            0.6038        5.8702e+07           60.4754  (  39.53%)
sequential         0.0000            0.0000            0.0000            0.0000  (   0.00%)
combinational      2.7189            1.6514        2.8055e+07           32.4252  (  21.19%)
--------------------------------------------------------------------------------------------------
Total             63.9759 uW         2.2551 uW     8.6757e+07 pW       152.9880 uW
1
