 
****************************************
Report : power
        -analysis_effort low
Design : Vending_Top
Version: X-2025.06-SP2
Date   : Fri Jul 31 15:51:26 2026
****************************************


Library(s) Used:

    saed32rvt_tt1p05v25c (File: /home/valmir.silva/Vending_Machine_Controller/lib/saed32rvt_tt1p05v25c.db)


Operating Conditions: tt1p05v25c   Library: saed32rvt_tt1p05v25c
Wire Load Model Mode: enclosed

Design        Wire Load Model            Library
------------------------------------------------
Vending_Top            8000              saed32rvt_tt1p05v25c


Global Operating Voltage = 1.05 
Power-specific unit information :
    Voltage Units = 1V
    Capacitance Units = 1.000000ff
    Time Units = 1ns
    Dynamic Power Units = 1uW    (derived from V,C,T units)
    Leakage Power Units = 1pW


Attributes
----------
i - Including register clock pin internal power


  Cell Internal Power  =  28.4337 uW   (97%)
  Net Switching Power  =   1.0023 uW    (3%)
                         ---------
Total Dynamic Power    =  29.4360 uW  (100%)

Cell Leakage Power     =  86.7570 uW


                 Internal         Switching           Leakage            Total
Power Group      Power            Power               Power              Power   (   %    )  Attrs
--------------------------------------------------------------------------------------------------
io_pad             0.0000            0.0000            0.0000            0.0000  (   0.00%)
memory             0.0000            0.0000            0.0000            0.0000  (   0.00%)
black_box          0.0000            0.0000            0.0000            0.0000  (   0.00%)
clock_network     26.7055            0.0000            0.0000           26.7055  (  22.98%)  i
register           0.5198            0.2684        5.8702e+07           59.4903  (  51.20%)
sequential         0.0000            0.0000            0.0000            0.0000  (   0.00%)
combinational      1.2084            0.7339        2.8055e+07           29.9972  (  25.82%)
--------------------------------------------------------------------------------------------------
Total             28.4337 uW         1.0023 uW     8.6757e+07 pW       116.1930 uW
1
