 
****************************************
Report : timing
        -path full
        -delay max
        -max_paths 1
Design : Vending_Top
Version: X-2025.06-SP2
Date   : Mon Jun 29 01:18:40 2026
****************************************

Operating Conditions: tt1p05v25c   Library: saed32rvt_tt1p05v25c
Wire Load Model Mode: enclosed

  Startpoint: u_control_unit/dispense (internal pin)
  Endpoint: dispense (output port)
  Path Group: (none)
  Path Type: max

  Des/Clust/Port     Wire Load Model       Library
  ------------------------------------------------
  Vending_Top        8000                  saed32rvt_tt1p05v25c

  Point                                                   Incr       Path
  --------------------------------------------------------------------------
  u_control_unit/dispense (control_vending_machine)       0.00       0.00 r
  dispense (out)                                          0.00       0.00 r
  data arrival time                                                  0.00
  --------------------------------------------------------------------------
  (Path is unconstrained)


1
